<?xml version="1.0" encoding="utf-8"?><testsuites><testsuite name="pytest" errors="0" failures="0" skipped="0" tests="8" time="0.126" timestamp="2026-10-07T19:26:59.756620" hostname="ip-172-31-20-28"><testcase classname="tests.test_api_endpoints" name="test_healthcheck_endpoint" time="0.007" /><testcase classname="tests.test_api_endpoints" name="test_api_list_books" time="0.003" /><testcase classname="tests.test_api_endpoints" name="test_api_borrow_endpoint" time="0.003" /><testcase classname="tests.test_borrow_return" name="test_borrow_and_return_book_lifecycle" time="0.000" /><testcase classname="tests.test_borrow_return" name="test_student_quota_enforcement" time="0.000" /><testcase classname="tests.test_user_service" name="test_add_user_success" time="0.000" /><testcase classname="tests.test_user_service" name="test_add_duplicate_user_raises_error" time="0.000" /><testcase classname="tests.test_user_service" name="test_delete_user_with_loans_fails" time="0.000" /></testsuite></testsuites>